<?xml version="1.0" encoding="utf-8"?><testsuites name="pytest tests"><testsuite name="pytest" errors="0" failures="0" skipped="0" tests="152" time="2.887" timestamp="2026-01-05T12:06:01.941842+01:00" hostname="DESKTOP-VTRKLAG"><testcase classname="tests.test_exercise_detector" name="test_classify_squat_like_features" time="0.007" /><testcase classname="tests.test_exercise_detector" name="test_classify_squat_like_features_side_view" time="0.006" /><testcase classname="tests.test_exercise_detector" name="test_classify_bench_like_features" time="0.006" /><testcase classname="tests.test_exercise_detector" name="test_classify_deadlift_like_features" time="0.006" /><testcase classname="tests.test_exercise_detector" name="test_classify_deadlift_front_view_features" time="0.006" /><testcase classname="tests.test_exercise_detector" name="test_classify_low_signal_returns_unknown" time="0.004" /><testcase classname="tests.test_exercise_detector_v2" name="test_synthetic_squat_detection" time="0.008" /><testcase classname="tests.test_exercise_detector_v2" name="test_synthetic_bench_detection" time="0.007" /><testcase classname="tests.test_exercise_detector_v2" name="test_synthetic_deadlift_detection" time="0.006" /><testcase classname="tests.test_exercise_detector_v2" name="test_front_squat_not_misclassified_as_bench_press" time="0.009" /><testcase classname="tests.test_exercise_detector_v2" name="test_ambiguous_patterns_yield_unknown" time="0.006" /><testcase classname="tests.test_exercise_detector_v2" name="test_invalid_torso_length_prevents_false_squat" time="0.011" /><testcase classname="tests.test_extract_pipeline" name="test_extract_landmarks_includes_pose_ok_only_when_requested" time="0.002" /><testcase classname="tests.test_geometry" name="test_smooth_bounding_box_initializes_without_previous" time="0.001" /><testcase classname="tests.test_geometry" name="test_smooth_bounding_box_blends_with_previous" time="0.001" /><testcase classname="tests.test_geometry" name="test_smooth_bounding_box_clips_to_frame" time="0.001" /><testcase classname="tests.test_mediapipe_estimators" name="test_rescale_landmarks_from_crop_respects_bounds_and_scaling[crop_box0-lm0-expected0]" time="0.001" /><testcase classname="tests.test_mediapipe_estimators" name="test_rescale_landmarks_from_crop_respects_bounds_and_scaling[crop_box1-lm1-expected1]" time="0.001" /><testcase classname="tests.test_mediapipe_estimators" name="test_resize_with_letterbox_returns_image_and_transform" time="0.001" /><testcase classname="tests.test_mediapipe_estimators" name="test_rescale_landmarks_from_letterboxed_crop" time="0.000" /><testcase classname="tests.test_mediapipe_estimators" name="test_rescale_landmarks_from_crop_requires_complete_box" time="0.000" /><testcase classname="tests.test_mediapipe_estimators" name="test_cropped_estimator_draws_full_frame_landmarks" time="0.001" /><testcase classname="tests.test_mediapipe_estimators" name="test_cropped_estimator_passes_letterbox_transform" time="0.001" /><testcase classname="tests.test_mediapipe_estimators" name="test_pose_estimator_reuses_pose_instance" time="0.001" /><testcase classname="tests.test_mediapipe_estimators" name="test_roi_estimator_passes_letterbox_transform" time="0.001" /><testcase classname="tests.test_mediapipe_estimators" name="test_pose_estimator_resets_smoother_on_miss" time="0.001" /><testcase classname="tests.test_mediapipe_estimators" name="test_pose_estimator_draws_smoothed_landmarks_when_smoothing_enabled" time="0.001" /><testcase classname="tests.test_mediapipe_estimators" name="test_pose_reliable_requires_visible_core_landmarks" time="0.000" /><testcase classname="tests.test_mediapipe_estimators" name="test_reliability_score_returns_mean_visibility" time="0.001" /><testcase classname="tests.test_mediapipe_estimators" name="test_landmark_smoother_is_deterministic" time="0.001" /><testcase classname="tests.test_mediapipe_estimators" name="test_landmark_smoother_skips_non_finite_values" time="0.000" /><testcase classname="tests.test_mediapipe_estimators" name="test_roi_estimator_draws_smoothed_landmarks_when_smoothing_enabled" time="0.001" /><testcase classname="tests.test_metrics_output" name="test_metrics_csv_exists" time="0.015" /><testcase classname="tests.test_metrics_output" name="test_metrics_csv_columns" time="0.006" /><testcase classname="tests.test_metrics_output" name="test_attach_temporal_columns_are_monotonic" time="0.004" /><testcase classname="tests.test_metrics_output" name="test_nearest_time_maps_to_same_index" time="0.003" /><testcase classname="tests.test_metrics_output" name="test_attach_temporal_columns_pads_missing_rows" time="0.003" /><testcase classname="tests.test_metrics_output" name="test_attach_temporal_columns_uses_raw_index_when_present" time="0.003" /><testcase classname="tests.test_metrics_output" name="test_attach_temporal_columns_respects_kept_indices" time="0.002" /><testcase classname="tests.test_metrics_output" name="test_attach_temporal_columns_handles_duplicates_and_gaps" time="0.002" /><testcase classname="tests.test_metrics_output" name="test_compute_metrics_and_angle_raises_on_mismatched_indices" time="0.001" /><testcase classname="tests.test_metrics_output" name="test_compute_metrics_and_angle_propagates_analysis_indices" time="0.001" /><testcase classname="tests.test_pipeline_prefetch" name="test_run_pipeline_uses_prefetched_detection" time="0.010" /><testcase classname="tests.test_pose_utils" name="test_filtered_npy_exists" time="0.003" /><testcase classname="tests.test_pose_utils" name="test_load_filtered_npy" time="0.003" /><testcase classname="tests.test_repetition_counter" name="test_count_repetitions_detects_two_valleys" time="0.003" /><testcase classname="tests.test_repetition_counter" name="test_count_repetitions_handles_missing_column" time="0.001" /><testcase classname="tests.test_repetition_counter" name="test_refractory_filter_keeps_most_prominent_valley" time="0.002" /><testcase classname="tests.test_repetition_counter" name="test_state_machine_counts_clean_sine" time="0.002" /><testcase classname="tests.test_repetition_counter" name="test_state_machine_handles_noise_and_short_nans" time="0.002" /><testcase classname="tests.test_repetition_counter" name="test_state_machine_ignores_long_gaps" time="0.002" /><testcase classname="tests.test_repetition_counter" name="test_threshold_filter_skipped_when_faults_missing" time="0.002" /><testcase classname="tests.test_repetition_counter" name="test_threshold_filter_drops_reps_not_crossing_limits" time="0.001" /><testcase classname="tests.test_repetition_counter" name="test_threshold_filter_rejects_nan_heavy_rep" time="0.000" /><testcase classname="tests.test_repetition_counter" name="test_threshold_filter_can_be_opted_out" time="0.002" /><testcase classname="tests.test_repetition_counter" name="test_threshold_filter_applies_when_enabled" time="0.002" /><testcase classname="tests.test_repetition_counter" name="test_threshold_filter_applies_both_thresholds_when_enabled" time="0.000" /><testcase classname="tests.test_repetition_counter" name="test_threshold_filter_requires_high_threshold_to_be_reached" time="0.000" /><testcase classname="tests.test_repetition_counter" name="test_threshold_filter_accepts_exact_high_threshold" time="0.000" /><testcase classname="tests.test_repetition_counter" name="test_threshold_validation_uses_reference_signal" time="0.002" /><testcase classname="tests.test_roi_state" name="test_roi_state_uses_full_frame_initially" time="0.000" /><testcase classname="tests.test_roi_state" name="test_roi_state_fallback_after_consecutive_misses" time="0.001" /><testcase classname="tests.test_roi_state" name="test_roi_state_expands_after_failure" time="0.001" /><testcase classname="tests.test_roi_state" name="test_vertical_video_roi_has_minimum_size" time="0.001" /><testcase classname="tests.test_roi_state" name="test_letterbox_preserves_aspect_ratio" time="0.002" /><testcase classname="tests.test_video_landmarks" name="test_mapping_without_crop_matches_expected_pixels" time="0.000" /><testcase classname="tests.test_video_landmarks" name="test_mapping_with_crop_scales_correctly" time="0.000" /><testcase classname="tests.test_video_landmarks" name="test_writer_fps_fallback_and_counts" time="0.005" /><testcase classname="tests.test_video_landmarks" name="test_writer_codec_fallback" time="0.003" /><testcase classname="tests.test_video_landmarks" name="test_transcode_video_rewrites_file_when_possible" time="0.004" /><testcase classname="tests.test_video_landmarks" name="test_make_web_safe_h264_generates_copy_when_ffmpeg_succeeds" time="0.005" /><testcase classname="tests.test_video_landmarks" name="test_make_web_safe_h264_handles_missing_ffmpeg" time="0.003" /><testcase classname="tests.test_video_utils" name="test_validate_video_ok" time="0.003" /><testcase classname="tests.test_video_utils" name="test_validate_video_no_exist" time="0.001" /><testcase classname="tests.test_video_utils" name="test_validate_video_corrupt" time="0.003" /><testcase classname="tests.test_view_and_exercises" name="test_deadlift_clear_hinge" time="0.012" /><testcase classname="tests.test_view_and_exercises" name="test_squat_lateral" time="0.010" /><testcase classname="tests.test_view_and_exercises" name="test_low_bar_squat_remains_squat" time="0.006" /><testcase classname="tests.test_view_and_exercises" name="test_front_squat_prefers_front_view" time="0.006" /><testcase classname="tests.test_view_and_exercises" name="test_borderline_hinge_prefers_deadlift" time="0.006" /><testcase classname="tests.test_view_and_exercises" name="test_bench_press_front_view" time="0.007" /><testcase classname="tests.test_view_and_exercises" name="test_unknown_for_short_clip" time="0.000" /><testcase classname="tests.test_view_and_exercises" name="test_view_classifier_front_vs_side" time="0.001" /><testcase classname="tests.test_view_and_exercises" name="test_view_resists_outlier_and_infers_side" time="0.001" /><testcase classname="tests.test_view_and_exercises" name="test_low_visibility_frames_are_ignored_for_view" time="0.001" /><testcase classname="tests.test_view_and_exercises" name="test_confidence_drops_with_too_few_reliable_frames" time="0.001" /><testcase classname="tests.test_view_and_exercises" name="test_mask_padding_keeps_invalid_frames_false" time="0.000" /><testcase classname="tests.test_warnings_free" name="test_classify_features_warning_free_synthetic_fixture" time="0.007" /><testcase classname="tests.test_warnings_free" name="test_classify_features_warning_free_sparse_clip" time="0.002" /><testcase classname="tests.unit.analysis.test_config_snapshot" name="test_config_snapshot_uses_session_directory" time="0.004" /><testcase classname="tests.unit.analysis.test_errors" name="test_run_pipeline_raises_video_open_error" time="0.004" /><testcase classname="tests.unit.analysis.test_errors" name="test_run_pipeline_raises_no_frames_extracted" time="0.007" /><testcase classname="tests.unit.analysis.test_sampling" name="test_make_sampling_plan_metadata_target_downsamples_correctly" time="0.000" /><testcase classname="tests.unit.analysis.test_sampling" name="test_make_sampling_plan_respects_existing_stride" time="0.000" /><testcase classname="tests.unit.analysis.test_sampling" name="test_make_sampling_plan_prefers_reader_fps_when_requested" time="0.001" /><testcase classname="tests.unit.analysis.test_sampling" name="test_make_sampling_plan_falls_back_to_single_fps_with_warning" time="0.000" /><testcase classname="tests.unit.exercise_detection.test_add_landmarks_array_fastpath" name="test_feature_parity_list_vs_array_minimal_case" time="0.002" /><testcase classname="tests.unit.exercise_detection.test_incremental_visibility_and_parity" name="test_add_landmarks_respects_min_visibility" time="0.002" /><testcase classname="tests.unit.exercise_detection.test_incremental_visibility_and_parity" name="test_sampling_and_valid_frames_incremental" time="0.004" /><testcase classname="tests.unit.metrics.test_angular_velocity_vectorized" name="test_forward_nan_behavior_and_length" time="0.001" /><testcase classname="tests.unit.metrics.test_angular_velocity_vectorized" name="test_forward_empty_and_zero_fps" time="0.000" /><testcase classname="tests.unit.metrics.test_angular_velocity_vectorized" name="test_central_smoke_no_nan_matches_gradient" time="0.001" /><testcase classname="tests.unit.metrics.test_metrics_quality" name="test_metrics_mask_outliers_and_remain_finite" time="0.007" /><testcase classname="tests.unit.metrics.test_signal_utils" name="test_interpolate_small_gaps_respects_limit" time="0.001" /><testcase classname="tests.unit.metrics.test_signal_utils" name="test_smooth_series_preserves_nans_and_shape" time="0.001" /><testcase classname="tests.unit.metrics.test_signal_utils" name="test_derivative_is_nan_safe" time="0.001" /><testcase classname="tests.unit.preprocessing.test_frame_extraction_sampling" name="test_time_mode_iterator_falls_back_to_index" time="0.001" /><testcase classname="tests.unit.preprocessing.test_frame_extraction_sampling" name="test_read_video_file_info_uses_metadata" time="0.004" /><testcase classname="tests.unit.preprocessing.test_frame_extraction_sampling" name="test_read_video_file_info_estimates_duration" time="0.003" /><testcase classname="tests.unit.preprocessing.test_frame_extraction_sampling" name="test_validate_sampling_args_requires_target_fps" time="0.000" /><testcase classname="tests.unit.preprocessing.test_video_metadata_extra" name="test_normalize_rotation_wraps_values[-90-270]" time="0.001" /><testcase classname="tests.unit.preprocessing.test_video_metadata_extra" name="test_normalize_rotation_wraps_values[450-90]" time="0.001" /><testcase classname="tests.unit.preprocessing.test_video_metadata_extra" name="test_normalize_rotation_wraps_values[179-180]" time="0.001" /><testcase classname="tests.unit.preprocessing.test_video_metadata_extra" name="test_normalize_rotation_wraps_values[225-180]" time="0.001" /><testcase classname="tests.unit.preprocessing.test_video_metadata_extra" name="test_read_video_file_info_reader_fallback" time="0.003" /><testcase classname="tests.unit.preprocessing.test_video_metadata_extra" name="test_get_video_metadata_merges_ffprobe" time="0.003" /><testcase classname="tests.unit.preprocessing.test_video_metadata_extra" name="test_extract_frames_stream_prefers_time_mode" time="0.003" /><testcase classname="tests.unit.preprocessing.test_video_metadata_extra" name="test_extract_frames_stream_releases_on_failure" time="0.003" /><testcase classname="tests.unit.preprocessing.test_video_metadata_extra" name="test_extract_and_preprocess_frames_prefetched" time="0.004" /><testcase classname="tests.unit.ui.test_metrics_sync_payload" name="test_build_payload_stride_and_nan_mapping" time="0.002" /><testcase classname="tests.unit.ui.test_prepare_pipeline_inputs" name="test_prepare_pipeline_inputs_propagates_thresholds_enable" time="0.006" /><testcase classname="tests.unit.ui.test_prepare_pipeline_inputs" name="test_prepare_pipeline_inputs_defaults_thresholds_enable_true" time="0.003" /><testcase classname="tests.unit.ui.test_prepare_pipeline_inputs" name="test_prepare_pipeline_inputs_apply_deadlift_defaults_when_not_custom" time="0.003" /><testcase classname="tests.unit.ui.test_prepare_pipeline_inputs" name="test_prepare_pipeline_inputs_preserves_custom_thresholds" time="0.003" /><testcase classname="tests.unit.ui.test_prepare_pipeline_inputs" name="test_switching_exercises_keeps_custom_per_exercise" time="0.003" /><testcase classname="tests.unit.ui.test_prepare_pipeline_inputs" name="test_custom_thresholds_persist_per_exercise" time="0.003" /><testcase classname="tests.unit.ui.test_results_metrics_keys" name="test_metrics_run_token_prefers_metrics_session_dir" time="0.005" /><testcase classname="tests.unit.ui.test_results_metrics_keys" name="test_metrics_chart_key_changes_with_video" time="0.004" /><testcase classname="tests.unit.ui.test_results_metrics_keys" name="test_metrics_run_token_is_stable_across_calls" time="0.004" /><testcase classname="tests.unit.ui.test_results_metrics_keys" name="test_metrics_run_token_remains_when_metrics_added" time="0.005" /><testcase classname="tests.unit.ui.test_results_metrics_keys" name="test_metrics_run_token_does_not_fallback_to_plain_run" time="0.001" /><testcase classname="tests.unit.ui.test_results_metrics_keys" name="test_metrics_run_token_differs_for_same_name_files" time="0.005" /><testcase classname="tests.unit.ui.test_results_metrics_keys" name="test_sync_channel_matches_chart_token" time="0.003" /><testcase classname="tests.unit.ui.test_results_rep_speed" name="test_phase_order_for_exercise_mapping" time="0.000" /><testcase classname="tests.unit.ui.test_results_rep_speed" name="test_rep_speed_chart_uses_deadlift_phase_order_first" time="0.006" /><testcase classname="tests.unit.ui.test_results_rep_speed" name="test_rep_speed_chart_default_phase_mapping" time="0.003" /><testcase classname="tests.unit.ui.test_results_rep_speed" name="test_deadlift_rep_intervals_and_speeds_cover_all_phases" time="0.005" /><testcase classname="tests.unit.ui.test_results_rep_speed" name="test_squat_phase_mapping_preserved" time="0.002" /><testcase classname="tests.unit.ui.test_results_rep_speed" name="test_squat_midpoint_valley_intervals_fill_rep_speed_chart" time="0.006" /><testcase classname="tests.unit.ui.test_results_rep_speed" name="test_squat_midpoint_fallback_when_debug_intervals_undercount" time="0.005" /><testcase classname="tests.unit.ui.test_results_rep_speed" name="test_deadlift_with_boundary_nans_keeps_all_phases" time="0.005" /><testcase classname="tests.unit.ui.test_results_rep_speed" name="test_nonconsecutive_index_samples_nearest_frames" time="0.004" /><testcase classname="tests.unit.ui.test_results_rep_speed" name="test_trunk_inclination_uses_max_turning_point" time="0.002" /><testcase classname="tests.unit.ui.test_results_rep_speed" name="test_deadlift_infers_start_bottom_and_keeps_phases_non_nan" time="0.005" /><testcase classname="tests.unit.ui.test_results_rep_speed" name="test_deadlift_boundary_pose_gaps_still_produce_phases" time="0.003" /><testcase classname="tests.unit.ui.test_results_rep_speed" name="test_fewer_bottoms_emit_warning_and_limit_intervals" time="0.002" /><testcase classname="tests.unit.ui.test_results_rep_speed" name="test_deadlift_threshold_intervals_match_reported_reps" time="0.005" /><testcase classname="tests.unit.ui.test_results_rep_speed" name="test_deadlift_threshold_intervals_use_faults_config" time="0.005" /><testcase classname="tests.unit.ui.test_results_report_bundle" name="test_debug_bundle_contains_rep_speed_artifacts" time="0.010" /><testcase classname="tests.unit.ui.test_results_report_bundle" name="test_debug_bundle_handles_missing_metrics" time="0.002" /><testcase classname="tests.unit.ui.test_results_report_bundle" name="test_bundle_contains_video_metadata_csv" time="0.005" /><testcase classname="tests.unit.ui.test_results_report_bundle" name="test_report_bundle_name_prefers_original_upload_name" time="0.001" /></testsuite></testsuites>